// Jest Snapshot v1, https://goo.gl/fbAQLP

exports[`should render button 1`] = `
<View
  accessible={true}
  isTVSelectable={true}
  onResponderGrant={[Function]}
  onResponderMove={[Function]}
  onResponderRelease={[Function]}
  onResponderTerminate={[Function]}
  onResponderTerminationRequest={[Function]}
  onStartShouldSetResponder={[Function]}
  style={
    Object {
      "alignItems": "center",
      "backgroundColor": "#3090e9",
      "borderRadius": 50,
      "flexDirection": "row",
      "height": 35,
      "justifyContent": "center",
      "opacity": 1,
      "paddingHorizontal": 35,
    }
  }
>
  <View
    style={
      Array [
        Object {
          "flexDirection": "row",
        },
      ]
    }
  >
    <Text
      style={
        Array [
          Object {
            "color": "#ffffff",
            "fontSize": 12,
          },
        ]
      }
    >
      Potatoe
    </Text>
  </View>
</View>
`;
